Drill report for NR1B-SQT56.kicad_pcb
Created on Wednesday, October 19, 2022 at 02:42:38 PM

Copper Layer Stackup:
    =============================================================
    L1 :  F.Cu                      front
    L2 :  In1.Cu                    in1
    L3 :  In2.Cu                    in2
    L4 :  B.Cu                      back


Drill file 'NR1B-SQT56-PTH.drl' contains
    plated through holes:
    =============================================================
    T1  0.076mm  0.0030"  (254 holes)
    T2  0.254mm  0.0100"  (15 holes)
    T3  0.400mm  0.0157"  (100 holes)
    T4  0.700mm  0.0276"  (2 holes)
    T5  0.750mm  0.0295"  (56 holes)
    T6  0.800mm  0.0315"  (18 holes)
    T7  1.000mm  0.0394"  (213 holes)

    Total plated holes count 658


Drill file 'NR1B-SQT56-NPTH.drl' contains
    unplated through holes:
    =============================================================
    T1  1.650mm  0.0650"  (2 holes)
    T2  3.000mm  0.1181"  (4 holes)

    Total unplated holes count 6
